20:56:45.835 [main] INFO  org.revapi.standalone.Main - Downloading checked archives
20:56:45.897 [main] INFO  org.revapi.standalone.Main - Downloading extensions
20:56:51.199 [main] INFO  org.revapi.standalone.Main - Starting analysis
20:56:53.412 [main] INFO  org.revapi.standalone.Main - Analysis took 2212ms.
20:56:55.200 [main] INFO  org.revapi.standalone.Main - Downloading checked archives
20:56:55.253 [main] INFO  org.revapi.standalone.Main - Downloading extensions
20:56:59.245 [main] INFO  org.revapi.standalone.Main - Starting analysis
20:57:01.321 [main] INFO  org.revapi.standalone.Main - Analysis took 2076ms.
20:57:04.231 [main] INFO  org.revapi.standalone.Main - Downloading checked archives
20:57:04.285 [main] INFO  org.revapi.standalone.Main - Downloading extensions
20:57:08.606 [main] INFO  org.revapi.standalone.Main - Starting analysis
20:57:10.471 [main] INFO  org.revapi.standalone.Main - Analysis took 1862ms.
20:57:12.398 [main] INFO  org.revapi.standalone.Main - Downloading checked archives
20:57:12.457 [main] INFO  org.revapi.standalone.Main - Downloading extensions
20:57:16.855 [main] INFO  org.revapi.standalone.Main - Starting analysis
20:57:18.655 [main] INFO  org.revapi.standalone.Main - Analysis took 1796ms.
20:57:23.100 [main] INFO  org.revapi.standalone.Main - Downloading checked archives
20:57:23.124 [main] INFO  org.revapi.standalone.Main - Downloading extensions
20:57:27.493 [main] INFO  org.revapi.standalone.Main - Starting analysis
20:57:47.665 [main] INFO  org.revapi.standalone.Main - Analysis took 20171ms.
20:57:51.515 [main] INFO  org.revapi.standalone.Main - Downloading checked archives
20:57:51.549 [main] INFO  org.revapi.standalone.Main - Downloading extensions
20:57:55.382 [main] INFO  org.revapi.standalone.Main - Starting analysis
20:58:16.930 [main] INFO  org.revapi.standalone.Main - Analysis took 21545ms.
20:58:21.528 [main] INFO  org.revapi.standalone.Main - Downloading checked archives
20:58:21.583 [main] INFO  org.revapi.standalone.Main - Downloading extensions
20:58:25.802 [main] INFO  org.revapi.standalone.Main - Starting analysis
20:58:51.035 [main] INFO  org.revapi.standalone.Main - Analysis took 25230ms.
20:58:54.177 [main] INFO  org.revapi.standalone.Main - Downloading checked archives
20:58:54.225 [main] INFO  org.revapi.standalone.Main - Downloading extensions
20:58:58.414 [main] INFO  org.revapi.standalone.Main - Starting analysis
20:59:22.824 [main] INFO  org.revapi.standalone.Main - Analysis took 24408ms.
20:59:25.880 [main] INFO  org.revapi.standalone.Main - Downloading checked archives
20:59:25.933 [main] INFO  org.revapi.standalone.Main - Downloading extensions
20:59:30.096 [main] INFO  org.revapi.standalone.Main - Starting analysis
20:59:31.996 [main] INFO  org.revapi.standalone.Main - Analysis took 1899ms.
20:59:33.951 [main] INFO  org.revapi.standalone.Main - Downloading checked archives
20:59:33.993 [main] INFO  org.revapi.standalone.Main - Downloading extensions
20:59:37.948 [main] INFO  org.revapi.standalone.Main - Starting analysis
20:59:40.062 [main] INFO  org.revapi.standalone.Main - Analysis took 2112ms.
20:59:42.953 [main] INFO  org.revapi.standalone.Main - Downloading checked archives
20:59:42.980 [main] INFO  org.revapi.standalone.Main - Downloading extensions
20:59:47.069 [main] INFO  org.revapi.standalone.Main - Starting analysis
20:59:53.670 [main] INFO  org.revapi.standalone.Main - Analysis took 6599ms.
20:59:55.556 [main] INFO  org.revapi.standalone.Main - Downloading checked archives
20:59:55.586 [main] INFO  org.revapi.standalone.Main - Downloading extensions
20:59:59.472 [main] INFO  org.revapi.standalone.Main - Starting analysis
21:00:05.802 [main] INFO  org.revapi.standalone.Main - Analysis took 6329ms.
21:00:07.823 [main] INFO  org.revapi.standalone.Main - Downloading checked archives
21:00:07.850 [main] INFO  org.revapi.standalone.Main - Downloading extensions
21:00:11.878 [main] INFO  org.revapi.standalone.Main - Starting analysis
21:00:18.080 [main] INFO  org.revapi.standalone.Main - Analysis took 6201ms.
21:00:19.875 [main] INFO  org.revapi.standalone.Main - Downloading checked archives
21:00:19.922 [main] INFO  org.revapi.standalone.Main - Downloading extensions
21:00:23.999 [main] INFO  org.revapi.standalone.Main - Starting analysis
21:00:30.266 [main] INFO  org.revapi.standalone.Main - Analysis took 6264ms.
21:00:32.010 [main] INFO  org.revapi.standalone.Main - Downloading checked archives
21:00:32.034 [main] INFO  org.revapi.standalone.Main - Downloading extensions
21:00:35.998 [main] INFO  org.revapi.standalone.Main - Starting analysis
21:00:42.449 [main] INFO  org.revapi.standalone.Main - Analysis took 6450ms.
21:00:44.379 [main] INFO  org.revapi.standalone.Main - Downloading checked archives
21:00:44.405 [main] INFO  org.revapi.standalone.Main - Downloading extensions
21:00:48.095 [main] INFO  org.revapi.standalone.Main - Starting analysis
21:00:54.260 [main] INFO  org.revapi.standalone.Main - Analysis took 6164ms.
21:00:57.797 [main] INFO  org.revapi.standalone.Main - Downloading checked archives
21:00:57.839 [main] INFO  org.revapi.standalone.Main - Downloading extensions
21:01:01.670 [main] INFO  org.revapi.standalone.Main - Starting analysis
21:01:17.075 [main] INFO  org.revapi.standalone.Main - Analysis took 15402ms.
21:01:20.413 [main] INFO  org.revapi.standalone.Main - Downloading checked archives
21:01:20.476 [main] INFO  org.revapi.standalone.Main - Downloading extensions
21:01:24.502 [main] INFO  org.revapi.standalone.Main - Starting analysis
21:01:41.780 [main] INFO  org.revapi.standalone.Main - Analysis took 17275ms.
21:01:44.370 [main] INFO  org.revapi.standalone.Main - Downloading checked archives
21:01:44.428 [main] INFO  org.revapi.standalone.Main - Downloading extensions
21:01:48.430 [main] INFO  org.revapi.standalone.Main - Starting analysis
21:02:03.633 [main] INFO  org.revapi.standalone.Main - Analysis took 15202ms.
21:02:11.236 [main] INFO  org.revapi.standalone.Main - Downloading checked archives
21:02:11.278 [main] INFO  org.revapi.standalone.Main - Downloading extensions
21:02:15.448 [main] INFO  org.revapi.standalone.Main - Starting analysis
21:02:30.880 [main] INFO  org.revapi.standalone.Main - Analysis took 15428ms.
21:02:33.477 [main] INFO  org.revapi.standalone.Main - Downloading checked archives
21:02:33.501 [main] INFO  org.revapi.standalone.Main - Downloading extensions
21:02:37.897 [main] INFO  org.revapi.standalone.Main - Starting analysis
21:02:53.996 [main] INFO  org.revapi.standalone.Main - Analysis took 16096ms.
21:02:56.652 [main] INFO  org.revapi.standalone.Main - Downloading checked archives
21:02:56.701 [main] INFO  org.revapi.standalone.Main - Downloading extensions
21:03:01.021 [main] INFO  org.revapi.standalone.Main - Starting analysis
21:03:16.591 [main] INFO  org.revapi.standalone.Main - Analysis took 15569ms.
21:03:19.501 [main] INFO  org.revapi.standalone.Main - Downloading checked archives
21:03:19.543 [main] INFO  org.revapi.standalone.Main - Downloading extensions
21:03:23.765 [main] INFO  org.revapi.standalone.Main - Starting analysis
21:03:29.174 [main] INFO  org.revapi.standalone.Main - Analysis took 5407ms.
21:03:31.947 [main] INFO  org.revapi.standalone.Main - Downloading checked archives
21:03:31.977 [main] INFO  org.revapi.standalone.Main - Downloading extensions
21:03:36.120 [main] INFO  org.revapi.standalone.Main - Starting analysis
21:03:41.866 [main] INFO  org.revapi.standalone.Main - Analysis took 5746ms.
21:03:43.687 [main] INFO  org.revapi.standalone.Main - Downloading checked archives
21:03:43.725 [main] INFO  org.revapi.standalone.Main - Downloading extensions
21:03:47.843 [main] INFO  org.revapi.standalone.Main - Starting analysis
21:03:53.699 [main] INFO  org.revapi.standalone.Main - Analysis took 5855ms.
21:03:57.851 [main] INFO  org.revapi.standalone.Main - Downloading checked archives
21:03:57.915 [main] INFO  org.revapi.standalone.Main - Downloading extensions
21:04:01.937 [main] INFO  org.revapi.standalone.Main - Starting analysis
21:04:04.004 [main] INFO  org.revapi.standalone.Main - Analysis took 2067ms.
21:04:05.867 [main] INFO  org.revapi.standalone.Main - Downloading checked archives
21:04:05.917 [main] INFO  org.revapi.standalone.Main - Downloading extensions
21:04:10.420 [main] INFO  org.revapi.standalone.Main - Starting analysis
21:04:12.374 [main] INFO  org.revapi.standalone.Main - Analysis took 1954ms.
21:04:19.036 [main] INFO  org.revapi.standalone.Main - Downloading checked archives
21:04:19.061 [main] INFO  org.revapi.standalone.Main - Downloading extensions
21:04:22.986 [main] INFO  org.revapi.standalone.Main - Starting analysis
21:04:52.550 [main] INFO  org.revapi.standalone.Main - Analysis took 29563ms.
21:04:55.736 [main] INFO  org.revapi.standalone.Main - Downloading checked archives
21:04:55.766 [main] INFO  org.revapi.standalone.Main - Downloading extensions
21:05:00.027 [main] INFO  org.revapi.standalone.Main - Starting analysis
21:05:29.708 [main] INFO  org.revapi.standalone.Main - Analysis took 29679ms.
21:05:33.190 [main] INFO  org.revapi.standalone.Main - Downloading checked archives
21:05:33.249 [main] INFO  org.revapi.standalone.Main - Downloading extensions
21:05:37.138 [main] INFO  org.revapi.standalone.Main - Starting analysis
21:06:05.134 [main] INFO  org.revapi.standalone.Main - Analysis took 27995ms.
21:06:09.237 [main] INFO  org.revapi.standalone.Main - Downloading checked archives
21:06:09.279 [main] INFO  org.revapi.standalone.Main - Downloading extensions
21:06:13.364 [main] INFO  org.revapi.standalone.Main - Starting analysis
21:06:20.947 [main] INFO  org.revapi.standalone.Main - Analysis took 7580ms.
21:06:23.121 [main] INFO  org.revapi.standalone.Main - Downloading checked archives
21:06:23.192 [main] INFO  org.revapi.standalone.Main - Downloading extensions
21:06:27.088 [main] INFO  org.revapi.standalone.Main - Starting analysis
21:06:34.369 [main] INFO  org.revapi.standalone.Main - Analysis took 7280ms.
21:06:36.353 [main] INFO  org.revapi.standalone.Main - Downloading checked archives
21:06:36.385 [main] INFO  org.revapi.standalone.Main - Downloading extensions
21:06:40.750 [main] INFO  org.revapi.standalone.Main - Starting analysis
21:06:47.784 [main] INFO  org.revapi.standalone.Main - Analysis took 7033ms.
21:06:51.893 [main] INFO  org.revapi.standalone.Main - Downloading checked archives
21:06:51.917 [main] INFO  org.revapi.standalone.Main - Downloading extensions
21:06:55.808 [main] INFO  org.revapi.standalone.Main - Starting analysis
21:07:07.533 [main] INFO  org.revapi.standalone.Main - Analysis took 11724ms.
21:07:11.363 [main] INFO  org.revapi.standalone.Main - Downloading checked archives
21:07:11.414 [main] INFO  org.revapi.standalone.Main - Downloading extensions
21:07:15.147 [main] INFO  org.revapi.standalone.Main - Starting analysis
21:07:26.034 [main] INFO  org.revapi.standalone.Main - Analysis took 10886ms.
21:07:29.406 [main] INFO  org.revapi.standalone.Main - Downloading checked archives
21:07:29.477 [main] INFO  org.revapi.standalone.Main - Downloading extensions
21:07:33.789 [main] INFO  org.revapi.standalone.Main - Starting analysis
21:07:45.336 [main] INFO  org.revapi.standalone.Main - Analysis took 11546ms.
21:07:48.684 [main] INFO  org.revapi.standalone.Main - Downloading checked archives
21:07:48.748 [main] INFO  org.revapi.standalone.Main - Downloading extensions
21:07:52.675 [main] INFO  org.revapi.standalone.Main - Starting analysis
21:07:59.258 [main] INFO  org.revapi.standalone.Main - Analysis took 6582ms.
21:08:01.102 [main] INFO  org.revapi.standalone.Main - Downloading checked archives
21:08:01.159 [main] INFO  org.revapi.standalone.Main - Downloading extensions
21:08:05.080 [main] INFO  org.revapi.standalone.Main - Starting analysis
21:08:12.304 [main] INFO  org.revapi.standalone.Main - Analysis took 7219ms.
21:08:14.136 [main] INFO  org.revapi.standalone.Main - Downloading checked archives
21:08:14.161 [main] INFO  org.revapi.standalone.Main - Downloading extensions
21:08:18.416 [main] INFO  org.revapi.standalone.Main - Starting analysis
21:08:26.663 [main] INFO  org.revapi.standalone.Main - Analysis took 8244ms.
21:08:29.850 [main] INFO  org.revapi.standalone.Main - Downloading checked archives
21:08:29.909 [main] INFO  org.revapi.standalone.Main - Downloading extensions
21:08:33.954 [main] INFO  org.revapi.standalone.Main - Starting analysis
21:08:43.039 [main] INFO  org.revapi.standalone.Main - Analysis took 9082ms.
21:08:45.225 [main] INFO  org.revapi.standalone.Main - Downloading checked archives
21:08:45.290 [main] INFO  org.revapi.standalone.Main - Downloading extensions
21:08:49.948 [main] INFO  org.revapi.standalone.Main - Starting analysis
21:08:58.824 [main] INFO  org.revapi.standalone.Main - Analysis took 8872ms.
21:09:01.946 [main] INFO  org.revapi.standalone.Main - Downloading checked archives
21:09:01.971 [main] INFO  org.revapi.standalone.Main - Downloading extensions
21:09:06.218 [main] INFO  org.revapi.standalone.Main - Starting analysis
21:09:14.209 [main] INFO  org.revapi.standalone.Main - Analysis took 7990ms.
21:09:17.159 [main] INFO  org.revapi.standalone.Main - Downloading checked archives
21:09:17.231 [main] INFO  org.revapi.standalone.Main - Downloading extensions
21:09:21.182 [main] INFO  org.revapi.standalone.Main - Starting analysis
21:09:26.829 [main] INFO  org.revapi.standalone.Main - Analysis took 5645ms.
21:09:28.677 [main] INFO  org.revapi.standalone.Main - Downloading checked archives
21:09:28.749 [main] INFO  org.revapi.standalone.Main - Downloading extensions
21:09:32.953 [main] INFO  org.revapi.standalone.Main - Starting analysis
21:09:39.042 [main] INFO  org.revapi.standalone.Main - Analysis took 6086ms.
21:09:40.772 [main] INFO  org.revapi.standalone.Main - Downloading checked archives
21:09:40.836 [main] INFO  org.revapi.standalone.Main - Downloading extensions
21:09:45.924 [main] INFO  org.revapi.standalone.Main - Starting analysis
21:09:52.448 [main] INFO  org.revapi.standalone.Main - Analysis took 6523ms.
21:09:55.328 [main] INFO  org.revapi.standalone.Main - Downloading checked archives
21:09:55.393 [main] INFO  org.revapi.standalone.Main - Downloading extensions
21:09:59.222 [main] INFO  org.revapi.standalone.Main - Starting analysis
21:10:01.435 [main] INFO  org.revapi.standalone.Main - Analysis took 2212ms.
21:10:03.314 [main] INFO  org.revapi.standalone.Main - Downloading checked archives
21:10:03.354 [main] INFO  org.revapi.standalone.Main - Downloading extensions
21:10:07.424 [main] INFO  org.revapi.standalone.Main - Starting analysis
21:10:09.598 [main] INFO  org.revapi.standalone.Main - Analysis took 2171ms.
21:10:15.950 [main] INFO  org.revapi.standalone.Main - Downloading checked archives
21:10:16.009 [main] INFO  org.revapi.standalone.Main - Downloading extensions
21:10:20.091 [main] INFO  org.revapi.standalone.Main - Starting analysis
21:10:47.397 [main] INFO  org.revapi.standalone.Main - Analysis took 27305ms.
21:11:06.789 [main] INFO  org.revapi.standalone.Main - Downloading checked archives
21:11:06.889 [main] INFO  org.revapi.standalone.Main - Downloading extensions
21:11:11.018 [main] INFO  org.revapi.standalone.Main - Starting analysis
21:11:35.369 [main] INFO  org.revapi.standalone.Main - Analysis took 24349ms.
21:11:46.139 [main] INFO  org.revapi.standalone.Main - Downloading checked archives
21:11:46.192 [main] INFO  org.revapi.standalone.Main - Downloading extensions
21:11:50.293 [main] INFO  org.revapi.standalone.Main - Starting analysis
21:12:16.353 [main] INFO  org.revapi.standalone.Main - Analysis took 26054ms.
21:12:35.954 [main] INFO  org.revapi.standalone.Main - Downloading checked archives
21:12:36.034 [main] INFO  org.revapi.standalone.Main - Downloading extensions
21:12:39.803 [main] INFO  org.revapi.standalone.Main - Starting analysis
21:13:05.186 [main] INFO  org.revapi.standalone.Main - Analysis took 25383ms.
21:13:17.629 [main] INFO  org.revapi.standalone.Main - Downloading checked archives
21:13:17.701 [main] INFO  org.revapi.standalone.Main - Downloading extensions
21:13:21.653 [main] INFO  org.revapi.standalone.Main - Starting analysis
21:13:48.417 [main] INFO  org.revapi.standalone.Main - Analysis took 26762ms.
21:14:09.764 [main] INFO  org.revapi.standalone.Main - Downloading checked archives
21:14:09.808 [main] INFO  org.revapi.standalone.Main - Downloading extensions
21:14:13.525 [main] INFO  org.revapi.standalone.Main - Starting analysis
21:14:37.621 [main] INFO  org.revapi.standalone.Main - Analysis took 24096ms.
21:14:41.422 [main] INFO  org.revapi.standalone.Main - Downloading checked archives
21:14:41.440 [main] INFO  org.revapi.standalone.Main - Downloading extensions
21:14:45.791 [main] INFO  org.revapi.standalone.Main - Starting analysis
21:15:11.848 [main] INFO  org.revapi.standalone.Main - Analysis took 26051ms.
21:15:29.104 [main] INFO  org.revapi.standalone.Main - Downloading checked archives
21:15:29.141 [main] INFO  org.revapi.standalone.Main - Downloading extensions
21:15:33.229 [main] INFO  org.revapi.standalone.Main - Starting analysis
21:15:42.213 [main] INFO  org.revapi.standalone.Main - Analysis took 8981ms.
21:15:45.153 [main] INFO  org.revapi.standalone.Main - Downloading checked archives
21:15:45.184 [main] INFO  org.revapi.standalone.Main - Downloading extensions
21:15:49.219 [main] INFO  org.revapi.standalone.Main - Starting analysis
21:15:58.177 [main] INFO  org.revapi.standalone.Main - Analysis took 8957ms.
21:16:00.646 [main] INFO  org.revapi.standalone.Main - Downloading checked archives
21:16:00.680 [main] INFO  org.revapi.standalone.Main - Downloading extensions
21:16:04.555 [main] INFO  org.revapi.standalone.Main - Starting analysis
21:16:13.573 [main] INFO  org.revapi.standalone.Main - Analysis took 9018ms.
21:16:16.387 [main] INFO  org.revapi.standalone.Main - Downloading checked archives
21:16:16.410 [main] INFO  org.revapi.standalone.Main - Downloading extensions
21:16:20.299 [main] INFO  org.revapi.standalone.Main - Starting analysis
21:16:28.395 [main] INFO  org.revapi.standalone.Main - Analysis took 8095ms.
21:16:30.649 [main] INFO  org.revapi.standalone.Main - Downloading checked archives
21:16:30.677 [main] INFO  org.revapi.standalone.Main - Downloading extensions
21:16:35.036 [main] INFO  org.revapi.standalone.Main - Starting analysis
21:16:44.717 [main] INFO  org.revapi.standalone.Main - Analysis took 9678ms.
21:16:47.203 [main] INFO  org.revapi.standalone.Main - Downloading checked archives
21:16:47.230 [main] INFO  org.revapi.standalone.Main - Downloading extensions
21:16:51.358 [main] INFO  org.revapi.standalone.Main - Starting analysis
21:17:00.277 [main] INFO  org.revapi.standalone.Main - Analysis took 8915ms.
21:17:02.688 [main] INFO  org.revapi.standalone.Main - Downloading checked archives
21:17:02.716 [main] INFO  org.revapi.standalone.Main - Downloading extensions
21:17:07.000 [main] INFO  org.revapi.standalone.Main - Starting analysis
21:17:16.332 [main] INFO  org.revapi.standalone.Main - Analysis took 9329ms.
21:17:21.495 [main] INFO  org.revapi.standalone.Main - Downloading checked archives
21:17:21.530 [main] INFO  org.revapi.standalone.Main - Downloading extensions
21:17:25.812 [main] INFO  org.revapi.standalone.Main - Starting analysis
21:17:35.083 [main] INFO  org.revapi.standalone.Main - Analysis took 9269ms.
21:17:38.311 [main] INFO  org.revapi.standalone.Main - Downloading checked archives
21:17:38.334 [main] INFO  org.revapi.standalone.Main - Downloading extensions
21:17:42.687 [main] INFO  org.revapi.standalone.Main - Starting analysis
21:17:52.029 [main] INFO  org.revapi.standalone.Main - Analysis took 9340ms.
21:17:54.339 [main] INFO  org.revapi.standalone.Main - Downloading checked archives
21:17:54.364 [main] INFO  org.revapi.standalone.Main - Downloading extensions
21:17:58.244 [main] INFO  org.revapi.standalone.Main - Starting analysis
21:18:08.301 [main] INFO  org.revapi.standalone.Main - Analysis took 10055ms.
21:18:11.065 [main] INFO  org.revapi.standalone.Main - Downloading checked archives
21:18:11.096 [main] INFO  org.revapi.standalone.Main - Downloading extensions
21:18:15.322 [main] INFO  org.revapi.standalone.Main - Starting analysis
21:18:24.783 [main] INFO  org.revapi.standalone.Main - Analysis took 9459ms.
21:18:27.707 [main] INFO  org.revapi.standalone.Main - Downloading checked archives
21:18:27.762 [main] INFO  org.revapi.standalone.Main - Downloading extensions
21:18:31.732 [main] INFO  org.revapi.standalone.Main - Starting analysis
21:18:41.209 [main] INFO  org.revapi.standalone.Main - Analysis took 9474ms.
21:18:43.884 [main] INFO  org.revapi.standalone.Main - Downloading checked archives
21:18:43.932 [main] INFO  org.revapi.standalone.Main - Downloading extensions
21:18:47.816 [main] INFO  org.revapi.standalone.Main - Starting analysis
21:18:57.803 [main] INFO  org.revapi.standalone.Main - Analysis took 9986ms.
21:19:00.165 [main] INFO  org.revapi.standalone.Main - Downloading checked archives
21:19:00.192 [main] INFO  org.revapi.standalone.Main - Downloading extensions
21:19:04.339 [main] INFO  org.revapi.standalone.Main - Starting analysis
21:19:13.694 [main] INFO  org.revapi.standalone.Main - Analysis took 9352ms.
21:19:30.360 [main] INFO  org.revapi.standalone.Main - Downloading checked archives
21:19:30.419 [main] INFO  org.revapi.standalone.Main - Downloading extensions
21:19:34.774 [main] INFO  org.revapi.standalone.Main - Starting analysis
21:19:59.945 [main] INFO  org.revapi.standalone.Main - Analysis took 25168ms.
21:20:08.126 [main] INFO  org.revapi.standalone.Main - Downloading checked archives
21:20:08.197 [main] INFO  org.revapi.standalone.Main - Downloading extensions
21:20:12.287 [main] INFO  org.revapi.standalone.Main - Starting analysis
21:20:35.221 [main] INFO  org.revapi.standalone.Main - Analysis took 22933ms.
21:20:43.753 [main] INFO  org.revapi.standalone.Main - Downloading checked archives
21:20:43.817 [main] INFO  org.revapi.standalone.Main - Downloading extensions
21:20:48.078 [main] INFO  org.revapi.standalone.Main - Starting analysis
21:21:12.213 [main] INFO  org.revapi.standalone.Main - Analysis took 24134ms.
21:23:07.867 [main] INFO  org.revapi.standalone.Main - Downloading checked archives
21:23:07.938 [main] INFO  org.revapi.standalone.Main - Downloading extensions
21:23:12.043 [main] INFO  org.revapi.standalone.Main - Starting analysis
21:23:37.251 [main] INFO  org.revapi.standalone.Main - Analysis took 25208ms.
21:23:43.184 [main] INFO  org.revapi.standalone.Main - Downloading checked archives
21:23:43.215 [main] INFO  org.revapi.standalone.Main - Downloading extensions
21:23:47.180 [main] INFO  org.revapi.standalone.Main - Starting analysis
21:24:12.264 [main] INFO  org.revapi.standalone.Main - Analysis took 25081ms.
21:24:17.178 [main] INFO  org.revapi.standalone.Main - Downloading checked archives
21:24:17.247 [main] INFO  org.revapi.standalone.Main - Downloading extensions
21:24:21.399 [main] INFO  org.revapi.standalone.Main - Starting analysis
21:24:45.944 [main] INFO  org.revapi.standalone.Main - Analysis took 24542ms.
21:24:58.025 [main] INFO  org.revapi.standalone.Main - Downloading checked archives
21:24:58.090 [main] INFO  org.revapi.standalone.Main - Downloading extensions
21:25:02.196 [main] INFO  org.revapi.standalone.Main - Starting analysis
21:25:26.540 [main] INFO  org.revapi.standalone.Main - Analysis took 24343ms.
21:25:29.774 [main] INFO  org.revapi.standalone.Main - Downloading checked archives
21:25:29.825 [main] INFO  org.revapi.standalone.Main - Downloading extensions
21:25:33.990 [main] INFO  org.revapi.standalone.Main - Starting analysis
21:25:58.605 [main] INFO  org.revapi.standalone.Main - Analysis took 24612ms.
21:26:02.562 [main] INFO  org.revapi.standalone.Main - Downloading checked archives
21:26:02.634 [main] INFO  org.revapi.standalone.Main - Downloading extensions
21:26:06.718 [main] INFO  org.revapi.standalone.Main - Starting analysis
21:26:22.713 [main] INFO  org.revapi.standalone.Main - Analysis took 15992ms.
21:26:25.439 [main] INFO  org.revapi.standalone.Main - Downloading checked archives
21:26:25.483 [main] INFO  org.revapi.standalone.Main - Downloading extensions
21:26:29.526 [main] INFO  org.revapi.standalone.Main - Starting analysis
21:26:45.212 [main] INFO  org.revapi.standalone.Main - Analysis took 15683ms.
21:26:48.068 [main] INFO  org.revapi.standalone.Main - Downloading checked archives
21:26:48.159 [main] INFO  org.revapi.standalone.Main - Downloading extensions
21:26:52.353 [main] INFO  org.revapi.standalone.Main - Starting analysis
21:27:07.921 [main] INFO  org.revapi.standalone.Main - Analysis took 15568ms.
21:27:13.454 [main] INFO  org.revapi.standalone.Main - Downloading checked archives
21:27:13.508 [main] INFO  org.revapi.standalone.Main - Downloading extensions
21:27:17.795 [main] INFO  org.revapi.standalone.Main - Starting analysis
21:27:33.393 [main] INFO  org.revapi.standalone.Main - Analysis took 15593ms.
21:27:36.440 [main] INFO  org.revapi.standalone.Main - Downloading checked archives
21:27:36.516 [main] INFO  org.revapi.standalone.Main - Downloading extensions
21:27:40.655 [main] INFO  org.revapi.standalone.Main - Starting analysis
21:27:55.984 [main] INFO  org.revapi.standalone.Main - Analysis took 15328ms.
21:27:58.716 [main] INFO  org.revapi.standalone.Main - Downloading checked archives
21:27:58.737 [main] INFO  org.revapi.standalone.Main - Downloading extensions
21:28:02.747 [main] INFO  org.revapi.standalone.Main - Starting analysis
21:28:18.036 [main] INFO  org.revapi.standalone.Main - Analysis took 15281ms.
21:28:24.123 [main] INFO  org.revapi.standalone.Main - Downloading checked archives
21:28:24.187 [main] INFO  org.revapi.standalone.Main - Downloading extensions
21:28:28.265 [main] INFO  org.revapi.standalone.Main - Starting analysis
21:28:43.351 [main] INFO  org.revapi.standalone.Main - Analysis took 15084ms.
21:28:55.202 [main] INFO  org.revapi.standalone.Main - Downloading checked archives
21:28:55.276 [main] INFO  org.revapi.standalone.Main - Downloading extensions
21:28:59.177 [main] INFO  org.revapi.standalone.Main - Starting analysis
21:29:14.194 [main] INFO  org.revapi.standalone.Main - Analysis took 15014ms.
21:29:49.977 [main] INFO  org.revapi.standalone.Main - Downloading checked archives
21:29:50.041 [main] INFO  org.revapi.standalone.Main - Downloading extensions
21:29:54.081 [main] INFO  org.revapi.standalone.Main - Starting analysis
21:30:13.740 [main] INFO  org.revapi.standalone.Main - Analysis took 19659ms.
21:30:16.861 [main] INFO  org.revapi.standalone.Main - Downloading checked archives
21:30:16.938 [main] INFO  org.revapi.standalone.Main - Downloading extensions
21:30:21.121 [main] INFO  org.revapi.standalone.Main - Starting analysis
21:30:40.507 [main] INFO  org.revapi.standalone.Main - Analysis took 19383ms.
21:30:49.854 [main] INFO  org.revapi.standalone.Main - Downloading checked archives
21:30:49.920 [main] INFO  org.revapi.standalone.Main - Downloading extensions
21:30:54.009 [main] INFO  org.revapi.standalone.Main - Starting analysis
21:31:15.059 [main] INFO  org.revapi.standalone.Main - Analysis took 21047ms.
21:31:23.969 [main] INFO  org.revapi.standalone.Main - Downloading checked archives
21:31:24.010 [main] INFO  org.revapi.standalone.Main - Downloading extensions
21:31:27.919 [main] INFO  org.revapi.standalone.Main - Starting analysis
21:31:46.986 [main] INFO  org.revapi.standalone.Main - Analysis took 19066ms.
21:31:50.451 [main] INFO  org.revapi.standalone.Main - Downloading checked archives
21:31:50.489 [main] INFO  org.revapi.standalone.Main - Downloading extensions
21:31:54.564 [main] INFO  org.revapi.standalone.Main - Starting analysis
21:32:13.815 [main] INFO  org.revapi.standalone.Main - Analysis took 19250ms.
21:32:16.664 [main] INFO  org.revapi.standalone.Main - Downloading checked archives
21:32:16.718 [main] INFO  org.revapi.standalone.Main - Downloading extensions
21:32:20.918 [main] INFO  org.revapi.standalone.Main - Starting analysis
21:32:40.703 [main] INFO  org.revapi.standalone.Main - Analysis took 19784ms.
21:32:48.824 [main] INFO  org.revapi.standalone.Main - Downloading checked archives
21:32:48.898 [main] INFO  org.revapi.standalone.Main - Downloading extensions
21:32:53.109 [main] INFO  org.revapi.standalone.Main - Starting analysis
21:33:12.767 [main] INFO  org.revapi.standalone.Main - Analysis took 19655ms.
21:33:18.355 [main] INFO  org.revapi.standalone.Main - Downloading checked archives
21:33:18.410 [main] INFO  org.revapi.standalone.Main - Downloading extensions
21:33:22.430 [main] INFO  org.revapi.standalone.Main - Starting analysis
21:33:40.586 [main] INFO  org.revapi.standalone.Main - Analysis took 18155ms.
21:33:44.315 [main] INFO  org.revapi.standalone.Main - Downloading checked archives
21:33:44.368 [main] INFO  org.revapi.standalone.Main - Downloading extensions
21:33:48.306 [main] INFO  org.revapi.standalone.Main - Starting analysis
21:33:59.412 [main] INFO  org.revapi.standalone.Main - Analysis took 11105ms.
21:34:02.270 [main] INFO  org.revapi.standalone.Main - Downloading checked archives
21:34:02.319 [main] INFO  org.revapi.standalone.Main - Downloading extensions
21:34:06.120 [main] INFO  org.revapi.standalone.Main - Starting analysis
21:34:17.028 [main] INFO  org.revapi.standalone.Main - Analysis took 10905ms.
21:34:19.592 [main] INFO  org.revapi.standalone.Main - Downloading checked archives
21:34:19.641 [main] INFO  org.revapi.standalone.Main - Downloading extensions
21:34:23.828 [main] INFO  org.revapi.standalone.Main - Starting analysis
21:34:35.228 [main] INFO  org.revapi.standalone.Main - Analysis took 11397ms.
21:34:37.625 [main] INFO  org.revapi.standalone.Main - Downloading checked archives
21:34:37.691 [main] INFO  org.revapi.standalone.Main - Downloading extensions
21:34:41.656 [main] INFO  org.revapi.standalone.Main - Starting analysis
21:34:52.824 [main] INFO  org.revapi.standalone.Main - Analysis took 11159ms.
21:34:55.490 [main] INFO  org.revapi.standalone.Main - Downloading checked archives
21:34:55.537 [main] INFO  org.revapi.standalone.Main - Downloading extensions
21:34:59.521 [main] INFO  org.revapi.standalone.Main - Starting analysis
21:35:10.854 [main] INFO  org.revapi.standalone.Main - Analysis took 11332ms.
21:35:13.454 [main] INFO  org.revapi.standalone.Main - Downloading checked archives
21:35:13.508 [main] INFO  org.revapi.standalone.Main - Downloading extensions
21:35:18.179 [main] INFO  org.revapi.standalone.Main - Starting analysis
21:35:28.795 [main] INFO  org.revapi.standalone.Main - Analysis took 10614ms.
21:35:31.559 [main] INFO  org.revapi.standalone.Main - Downloading checked archives
21:35:31.589 [main] INFO  org.revapi.standalone.Main - Downloading extensions
21:35:35.977 [main] INFO  org.revapi.standalone.Main - Starting analysis
21:35:46.825 [main] INFO  org.revapi.standalone.Main - Analysis took 10845ms.
21:35:49.193 [main] INFO  org.revapi.standalone.Main - Downloading checked archives
21:35:49.232 [main] INFO  org.revapi.standalone.Main - Downloading extensions
21:35:53.292 [main] INFO  org.revapi.standalone.Main - Starting analysis
21:36:03.984 [main] INFO  org.revapi.standalone.Main - Analysis took 10691ms.
21:36:09.420 [main] INFO  org.revapi.standalone.Main - Downloading checked archives
21:36:09.462 [main] INFO  org.revapi.standalone.Main - Downloading extensions
21:36:13.401 [main] INFO  org.revapi.standalone.Main - Starting analysis
21:36:35.449 [main] INFO  org.revapi.standalone.Main - Analysis took 22045ms.
21:36:40.153 [main] INFO  org.revapi.standalone.Main - Downloading checked archives
21:36:40.189 [main] INFO  org.revapi.standalone.Main - Downloading extensions
21:36:44.471 [main] INFO  org.revapi.standalone.Main - Starting analysis
21:37:05.813 [main] INFO  org.revapi.standalone.Main - Analysis took 21341ms.
21:37:13.652 [main] INFO  org.revapi.standalone.Main - Downloading checked archives
21:37:13.680 [main] INFO  org.revapi.standalone.Main - Downloading extensions
21:37:18.193 [main] INFO  org.revapi.standalone.Main - Starting analysis
21:37:39.981 [main] INFO  org.revapi.standalone.Main - Analysis took 21787ms.
21:37:45.095 [main] INFO  org.revapi.standalone.Main - Downloading checked archives
21:37:45.135 [main] INFO  org.revapi.standalone.Main - Downloading extensions
21:37:49.149 [main] INFO  org.revapi.standalone.Main - Starting analysis
21:38:11.038 [main] INFO  org.revapi.standalone.Main - Analysis took 21885ms.
21:38:25.334 [main] INFO  org.revapi.standalone.Main - Downloading checked archives
21:38:25.398 [main] INFO  org.revapi.standalone.Main - Downloading extensions
21:38:29.340 [main] INFO  org.revapi.standalone.Main - Starting analysis
21:38:49.322 [main] INFO  org.revapi.standalone.Main - Analysis took 19981ms.
21:38:52.579 [main] INFO  org.revapi.standalone.Main - Downloading checked archives
21:38:52.612 [main] INFO  org.revapi.standalone.Main - Downloading extensions
21:38:56.663 [main] INFO  org.revapi.standalone.Main - Starting analysis
21:39:17.476 [main] INFO  org.revapi.standalone.Main - Analysis took 20809ms.
21:39:38.091 [main] INFO  org.revapi.standalone.Main - Downloading checked archives
21:39:38.149 [main] INFO  org.revapi.standalone.Main - Downloading extensions
21:39:42.182 [main] INFO  org.revapi.standalone.Main - Starting analysis
21:40:02.522 [main] INFO  org.revapi.standalone.Main - Analysis took 20339ms.
21:40:06.666 [main] INFO  org.revapi.standalone.Main - Downloading checked archives
21:40:06.716 [main] INFO  org.revapi.standalone.Main - Downloading extensions
21:40:10.653 [main] INFO  org.revapi.standalone.Main - Starting analysis
21:40:30.041 [main] INFO  org.revapi.standalone.Main - Analysis took 19386ms.
21:40:33.526 [main] INFO  org.revapi.standalone.Main - Downloading checked archives
21:40:33.602 [main] INFO  org.revapi.standalone.Main - Downloading extensions
21:40:37.711 [main] INFO  org.revapi.standalone.Main - Starting analysis
21:40:47.279 [main] INFO  org.revapi.standalone.Main - Analysis took 9567ms.
21:40:53.756 [main] INFO  org.revapi.standalone.Main - Downloading checked archives
21:40:53.803 [main] INFO  org.revapi.standalone.Main - Downloading extensions
21:40:57.599 [main] INFO  org.revapi.standalone.Main - Starting analysis
21:41:07.084 [main] INFO  org.revapi.standalone.Main - Analysis took 9482ms.
21:41:09.664 [main] INFO  org.revapi.standalone.Main - Downloading checked archives
21:41:09.687 [main] INFO  org.revapi.standalone.Main - Downloading extensions
21:41:13.741 [main] INFO  org.revapi.standalone.Main - Starting analysis
21:41:22.581 [main] INFO  org.revapi.standalone.Main - Analysis took 8838ms.
21:41:24.868 [main] INFO  org.revapi.standalone.Main - Downloading checked archives
21:41:24.915 [main] INFO  org.revapi.standalone.Main - Downloading extensions
21:41:29.001 [main] INFO  org.revapi.standalone.Main - Starting analysis
21:41:38.683 [main] INFO  org.revapi.standalone.Main - Analysis took 9681ms.
21:41:41.266 [main] INFO  org.revapi.standalone.Main - Downloading checked archives
21:41:41.306 [main] INFO  org.revapi.standalone.Main - Downloading extensions
21:41:45.375 [main] INFO  org.revapi.standalone.Main - Starting analysis
21:41:54.574 [main] INFO  org.revapi.standalone.Main - Analysis took 9198ms.
21:41:57.030 [main] INFO  org.revapi.standalone.Main - Downloading checked archives
21:41:57.071 [main] INFO  org.revapi.standalone.Main - Downloading extensions
21:42:01.279 [main] INFO  org.revapi.standalone.Main - Starting analysis
21:42:11.505 [main] INFO  org.revapi.standalone.Main - Analysis took 10225ms.
21:42:14.012 [main] INFO  org.revapi.standalone.Main - Downloading checked archives
21:42:14.068 [main] INFO  org.revapi.standalone.Main - Downloading extensions
21:42:18.073 [main] INFO  org.revapi.standalone.Main - Starting analysis
21:42:27.374 [main] INFO  org.revapi.standalone.Main - Analysis took 9299ms.
21:42:30.293 [main] INFO  org.revapi.standalone.Main - Downloading checked archives
21:42:30.364 [main] INFO  org.revapi.standalone.Main - Downloading extensions
21:42:35.183 [main] INFO  org.revapi.standalone.Main - Starting analysis
21:42:45.093 [main] INFO  org.revapi.standalone.Main - Analysis took 9906ms.
21:42:48.384 [main] INFO  org.revapi.standalone.Main - Downloading checked archives
21:42:48.451 [main] INFO  org.revapi.standalone.Main - Downloading extensions
21:42:52.410 [main] INFO  org.revapi.standalone.Main - Starting analysis
21:43:00.406 [main] INFO  org.revapi.standalone.Main - Analysis took 7994ms.
21:43:03.773 [main] INFO  org.revapi.standalone.Main - Downloading checked archives
21:43:03.856 [main] INFO  org.revapi.standalone.Main - Downloading extensions
21:43:07.950 [main] INFO  org.revapi.standalone.Main - Starting analysis
21:43:14.323 [main] INFO  org.revapi.standalone.Main - Analysis took 6371ms.
21:43:17.069 [main] INFO  org.revapi.standalone.Main - Downloading checked archives
21:43:17.143 [main] INFO  org.revapi.standalone.Main - Downloading extensions
21:43:21.107 [main] INFO  org.revapi.standalone.Main - Starting analysis
21:43:23.258 [main] INFO  org.revapi.standalone.Main - Analysis took 2151ms.
21:43:25.002 [main] INFO  org.revapi.standalone.Main - Downloading checked archives
21:43:25.030 [main] INFO  org.revapi.standalone.Main - Downloading extensions
21:43:29.104 [main] INFO  org.revapi.standalone.Main - Starting analysis
21:43:31.164 [main] INFO  org.revapi.standalone.Main - Analysis took 2059ms.
21:43:35.024 [main] INFO  org.revapi.standalone.Main - Downloading checked archives
21:43:35.094 [main] INFO  org.revapi.standalone.Main - Downloading extensions
21:43:38.945 [main] INFO  org.revapi.standalone.Main - Starting analysis
21:43:55.936 [main] INFO  org.revapi.standalone.Main - Analysis took 16990ms.
21:43:58.889 [main] INFO  org.revapi.standalone.Main - Downloading checked archives
21:43:58.930 [main] INFO  org.revapi.standalone.Main - Downloading extensions
21:44:03.079 [main] INFO  org.revapi.standalone.Main - Starting analysis
21:44:20.347 [main] INFO  org.revapi.standalone.Main - Analysis took 17267ms.
21:44:24.696 [main] INFO  org.revapi.standalone.Main - Downloading checked archives
21:44:24.751 [main] INFO  org.revapi.standalone.Main - Downloading extensions
21:44:28.709 [main] INFO  org.revapi.standalone.Main - Starting analysis
21:44:44.247 [main] INFO  org.revapi.standalone.Main - Analysis took 15536ms.
21:44:47.443 [main] INFO  org.revapi.standalone.Main - Downloading checked archives
21:44:47.494 [main] INFO  org.revapi.standalone.Main - Downloading extensions
21:44:51.636 [main] INFO  org.revapi.standalone.Main - Starting analysis
21:45:07.503 [main] INFO  org.revapi.standalone.Main - Analysis took 15867ms.
21:45:10.608 [main] INFO  org.revapi.standalone.Main - Downloading checked archives
21:45:10.665 [main] INFO  org.revapi.standalone.Main - Downloading extensions
21:45:14.839 [main] INFO  org.revapi.standalone.Main - Starting analysis
21:45:22.366 [main] INFO  org.revapi.standalone.Main - Analysis took 7525ms.
21:45:24.312 [main] INFO  org.revapi.standalone.Main - Downloading checked archives
21:45:24.356 [main] INFO  org.revapi.standalone.Main - Downloading extensions
21:45:28.339 [main] INFO  org.revapi.standalone.Main - Starting analysis
21:45:35.488 [main] INFO  org.revapi.standalone.Main - Analysis took 7145ms.
21:45:37.556 [main] INFO  org.revapi.standalone.Main - Downloading checked archives
21:45:37.631 [main] INFO  org.revapi.standalone.Main - Downloading extensions
21:45:41.621 [main] INFO  org.revapi.standalone.Main - Starting analysis
21:45:49.091 [main] INFO  org.revapi.standalone.Main - Analysis took 7469ms.
21:45:51.193 [main] INFO  org.revapi.standalone.Main - Downloading checked archives
21:45:51.276 [main] INFO  org.revapi.standalone.Main - Downloading extensions
21:45:55.558 [main] INFO  org.revapi.standalone.Main - Starting analysis
21:46:03.014 [main] INFO  org.revapi.standalone.Main - Analysis took 7454ms.
21:46:06.516 [main] INFO  org.revapi.standalone.Main - Downloading checked archives
21:46:06.583 [main] INFO  org.revapi.standalone.Main - Downloading extensions
21:46:10.915 [main] INFO  org.revapi.standalone.Main - Starting analysis
21:46:17.395 [main] INFO  org.revapi.standalone.Main - Analysis took 6479ms.
21:46:19.523 [main] INFO  org.revapi.standalone.Main - Downloading checked archives
21:46:19.564 [main] INFO  org.revapi.standalone.Main - Downloading extensions
21:46:23.659 [main] INFO  org.revapi.standalone.Main - Starting analysis
21:46:30.079 [main] INFO  org.revapi.standalone.Main - Analysis took 6419ms.
21:46:32.153 [main] INFO  org.revapi.standalone.Main - Downloading checked archives
21:46:32.201 [main] INFO  org.revapi.standalone.Main - Downloading extensions
21:46:36.552 [main] INFO  org.revapi.standalone.Main - Starting analysis
21:46:42.994 [main] INFO  org.revapi.standalone.Main - Analysis took 6439ms.
21:46:45.049 [main] INFO  org.revapi.standalone.Main - Downloading checked archives
21:46:45.142 [main] INFO  org.revapi.standalone.Main - Downloading extensions
21:46:49.146 [main] INFO  org.revapi.standalone.Main - Starting analysis
21:46:55.881 [main] INFO  org.revapi.standalone.Main - Analysis took 6733ms.
21:46:58.903 [main] INFO  org.revapi.standalone.Main - Downloading checked archives
21:46:58.951 [main] INFO  org.revapi.standalone.Main - Downloading extensions
21:47:02.890 [main] INFO  org.revapi.standalone.Main - Starting analysis
21:47:10.141 [main] INFO  org.revapi.standalone.Main - Analysis took 7250ms.
21:47:11.930 [main] INFO  org.revapi.standalone.Main - Downloading checked archives
21:47:11.964 [main] INFO  org.revapi.standalone.Main - Downloading extensions
21:47:15.896 [main] INFO  org.revapi.standalone.Main - Starting analysis
21:47:22.836 [main] INFO  org.revapi.standalone.Main - Analysis took 6939ms.
21:48:07.161 [main] INFO  org.revapi.standalone.Main - Downloading checked archives
21:48:07.209 [main] INFO  org.revapi.standalone.Main - Downloading extensions
21:48:11.220 [main] INFO  org.revapi.standalone.Main - Starting analysis
21:48:30.876 [main] INFO  org.revapi.standalone.Main - Analysis took 19653ms.
21:48:41.979 [main] INFO  org.revapi.standalone.Main - Downloading checked archives
21:48:42.031 [main] INFO  org.revapi.standalone.Main - Downloading extensions
21:48:46.411 [main] INFO  org.revapi.standalone.Main - Starting analysis
21:49:05.687 [main] INFO  org.revapi.standalone.Main - Analysis took 19269ms.
21:49:09.246 [main] INFO  org.revapi.standalone.Main - Downloading checked archives
21:49:09.312 [main] INFO  org.revapi.standalone.Main - Downloading extensions
21:49:13.221 [main] INFO  org.revapi.standalone.Main - Starting analysis
21:49:32.017 [main] INFO  org.revapi.standalone.Main - Analysis took 18792ms.
21:49:34.601 [main] INFO  org.revapi.standalone.Main - Downloading checked archives
21:49:34.649 [main] INFO  org.revapi.standalone.Main - Downloading extensions
21:49:38.667 [main] INFO  org.revapi.standalone.Main - Starting analysis
21:50:00.458 [main] INFO  org.revapi.standalone.Main - Analysis took 21787ms.
21:50:05.330 [main] INFO  org.revapi.standalone.Main - Downloading checked archives
21:50:05.440 [main] INFO  org.revapi.standalone.Main - Downloading extensions
21:50:09.691 [main] INFO  org.revapi.standalone.Main - Starting analysis
21:50:11.871 [main] INFO  org.revapi.standalone.Main - Analysis took 2180ms.
21:50:13.701 [main] INFO  org.revapi.standalone.Main - Downloading checked archives
21:50:13.745 [main] INFO  org.revapi.standalone.Main - Downloading extensions
21:50:19.885 [main] INFO  org.revapi.standalone.Main - Starting analysis
21:50:21.919 [main] INFO  org.revapi.standalone.Main - Analysis took 2031ms.
21:50:24.802 [main] INFO  org.revapi.standalone.Main - Downloading checked archives
21:50:24.847 [main] INFO  org.revapi.standalone.Main - Downloading extensions
21:50:29.184 [main] INFO  org.revapi.standalone.Main - Starting analysis
21:50:31.304 [main] INFO  org.revapi.standalone.Main - Analysis took 2119ms.
21:50:33.193 [main] INFO  org.revapi.standalone.Main - Downloading checked archives
21:50:33.253 [main] INFO  org.revapi.standalone.Main - Downloading extensions
21:50:37.486 [main] INFO  org.revapi.standalone.Main - Starting analysis
21:50:39.443 [main] INFO  org.revapi.standalone.Main - Analysis took 1957ms.
21:50:43.940 [main] INFO  org.revapi.standalone.Main - Downloading checked archives
21:50:43.984 [main] INFO  org.revapi.standalone.Main - Downloading extensions
21:50:48.341 [main] INFO  org.revapi.standalone.Main - Starting analysis
21:51:10.193 [main] INFO  org.revapi.standalone.Main - Analysis took 21852ms.
21:51:13.815 [main] INFO  org.revapi.standalone.Main - Downloading checked archives
21:51:13.880 [main] INFO  org.revapi.standalone.Main - Downloading extensions
21:51:17.896 [main] INFO  org.revapi.standalone.Main - Starting analysis
21:51:39.481 [main] INFO  org.revapi.standalone.Main - Analysis took 21583ms.
21:51:43.177 [main] INFO  org.revapi.standalone.Main - Downloading checked archives
21:51:43.223 [main] INFO  org.revapi.standalone.Main - Downloading extensions
21:51:47.593 [main] INFO  org.revapi.standalone.Main - Starting analysis
21:52:09.735 [main] INFO  org.revapi.standalone.Main - Analysis took 22141ms.
21:52:12.833 [main] INFO  org.revapi.standalone.Main - Downloading checked archives
21:52:12.882 [main] INFO  org.revapi.standalone.Main - Downloading extensions
21:52:16.695 [main] INFO  org.revapi.standalone.Main - Starting analysis
21:52:18.738 [main] INFO  org.revapi.standalone.Main - Analysis took 2042ms.
21:52:20.591 [main] INFO  org.revapi.standalone.Main - Downloading checked archives
21:52:20.635 [main] INFO  org.revapi.standalone.Main - Downloading extensions
21:52:24.654 [main] INFO  org.revapi.standalone.Main - Starting analysis
21:52:26.596 [main] INFO  org.revapi.standalone.Main - Analysis took 1941ms.
21:52:30.006 [main] INFO  org.revapi.standalone.Main - Downloading checked archives
21:52:30.062 [main] INFO  org.revapi.standalone.Main - Downloading extensions
21:52:34.108 [main] INFO  org.revapi.standalone.Main - Starting analysis
21:52:43.225 [main] INFO  org.revapi.standalone.Main - Analysis took 9116ms.
21:52:46.868 [main] INFO  org.revapi.standalone.Main - Downloading checked archives
21:52:46.913 [main] INFO  org.revapi.standalone.Main - Downloading extensions
21:52:50.958 [main] INFO  org.revapi.standalone.Main - Starting analysis
21:53:04.006 [main] INFO  org.revapi.standalone.Main - Analysis took 13045ms.
21:53:08.094 [main] INFO  org.revapi.standalone.Main - Downloading checked archives
21:53:08.147 [main] INFO  org.revapi.standalone.Main - Downloading extensions
21:53:12.100 [main] INFO  org.revapi.standalone.Main - Starting analysis
21:53:25.813 [main] INFO  org.revapi.standalone.Main - Analysis took 13712ms.
21:53:28.487 [main] INFO  org.revapi.standalone.Main - Downloading checked archives
21:53:28.539 [main] INFO  org.revapi.standalone.Main - Downloading extensions
21:53:32.643 [main] INFO  org.revapi.standalone.Main - Starting analysis
21:53:46.314 [main] INFO  org.revapi.standalone.Main - Analysis took 13669ms.
21:53:49.026 [main] INFO  org.revapi.standalone.Main - Downloading checked archives
21:53:49.070 [main] INFO  org.revapi.standalone.Main - Downloading extensions
21:53:53.470 [main] INFO  org.revapi.standalone.Main - Starting analysis
21:54:06.162 [main] INFO  org.revapi.standalone.Main - Analysis took 12690ms.
21:54:08.765 [main] INFO  org.revapi.standalone.Main - Downloading checked archives
21:54:08.823 [main] INFO  org.revapi.standalone.Main - Downloading extensions
21:54:12.968 [main] INFO  org.revapi.standalone.Main - Starting analysis
21:54:26.419 [main] INFO  org.revapi.standalone.Main - Analysis took 13450ms.
21:54:30.142 [main] INFO  org.revapi.standalone.Main - Downloading checked archives
21:54:30.165 [main] INFO  org.revapi.standalone.Main - Downloading extensions
21:54:34.508 [main] INFO  org.revapi.standalone.Main - Starting analysis
21:54:47.960 [main] INFO  org.revapi.standalone.Main - Analysis took 13450ms.
21:54:51.967 [main] INFO  org.revapi.standalone.Main - Downloading checked archives
21:54:52.022 [main] INFO  org.revapi.standalone.Main - Downloading extensions
21:54:55.914 [main] INFO  org.revapi.standalone.Main - Starting analysis
21:55:09.399 [main] INFO  org.revapi.standalone.Main - Analysis took 13482ms.
21:55:15.370 [main] INFO  org.revapi.standalone.Main - Downloading checked archives
21:55:15.417 [main] INFO  org.revapi.standalone.Main - Downloading extensions
21:55:19.598 [main] INFO  org.revapi.standalone.Main - Starting analysis
21:55:33.731 [main] INFO  org.revapi.standalone.Main - Analysis took 14129ms.
21:56:09.681 [main] INFO  org.revapi.standalone.Main - Downloading checked archives
21:56:09.752 [main] INFO  org.revapi.standalone.Main - Downloading extensions
21:56:14.147 [main] INFO  org.revapi.standalone.Main - Starting analysis
21:57:58.140 [main] INFO  org.revapi.standalone.Main - Analysis took 103990ms.
22:00:22.596 [main] INFO  org.revapi.standalone.Main - Downloading checked archives
22:00:22.635 [main] INFO  org.revapi.standalone.Main - Downloading extensions
22:00:27.090 [main] INFO  org.revapi.standalone.Main - Starting analysis
22:02:02.431 [main] INFO  org.revapi.standalone.Main - Analysis took 95340ms.
22:03:38.956 [main] INFO  org.revapi.standalone.Main - Downloading checked archives
22:03:39.015 [main] INFO  org.revapi.standalone.Main - Downloading extensions
22:03:43.221 [main] INFO  org.revapi.standalone.Main - Starting analysis
22:05:42.623 [main] INFO  org.revapi.standalone.Main - Analysis took 119402ms.
22:07:43.269 [main] INFO  org.revapi.standalone.Main - Downloading checked archives
22:07:43.349 [main] INFO  org.revapi.standalone.Main - Downloading extensions
22:07:47.558 [main] INFO  org.revapi.standalone.Main - Starting analysis
22:09:54.956 [main] INFO  org.revapi.standalone.Main - Analysis took 127397ms.
22:10:52.327 [main] INFO  org.revapi.standalone.Main - Downloading checked archives
22:10:52.367 [main] INFO  org.revapi.standalone.Main - Downloading extensions
22:10:56.048 [main] INFO  org.revapi.standalone.Main - Starting analysis
22:12:39.453 [main] INFO  org.revapi.standalone.Main - Analysis took 103405ms.
22:13:43.093 [main] INFO  org.revapi.standalone.Main - Downloading checked archives
22:13:43.183 [main] INFO  org.revapi.standalone.Main - Downloading extensions
22:13:46.839 [main] INFO  org.revapi.standalone.Main - Starting analysis
22:13:56.841 [main] INFO  org.revapi.standalone.Main - Analysis took 10001ms.
22:13:59.183 [main] INFO  org.revapi.standalone.Main - Downloading checked archives
22:13:59.255 [main] INFO  org.revapi.standalone.Main - Downloading extensions
22:14:03.478 [main] INFO  org.revapi.standalone.Main - Starting analysis
22:14:14.312 [main] INFO  org.revapi.standalone.Main - Analysis took 10833ms.
22:14:16.539 [main] INFO  org.revapi.standalone.Main - Downloading checked archives
22:14:16.596 [main] INFO  org.revapi.standalone.Main - Downloading extensions
22:14:20.484 [main] INFO  org.revapi.standalone.Main - Starting analysis
22:14:30.218 [main] INFO  org.revapi.standalone.Main - Analysis took 9733ms.
22:14:32.761 [main] INFO  org.revapi.standalone.Main - Downloading checked archives
22:14:32.812 [main] INFO  org.revapi.standalone.Main - Downloading extensions
22:14:36.678 [main] INFO  org.revapi.standalone.Main - Starting analysis
22:14:46.805 [main] INFO  org.revapi.standalone.Main - Analysis took 10126ms.
22:14:59.441 [main] INFO  org.revapi.standalone.Main - Downloading checked archives
22:14:59.477 [main] INFO  org.revapi.standalone.Main - Downloading extensions
22:15:03.355 [main] INFO  org.revapi.standalone.Main - Starting analysis
22:15:12.769 [main] INFO  org.revapi.standalone.Main - Analysis took 9413ms.
22:15:16.166 [main] INFO  org.revapi.standalone.Main - Downloading checked archives
22:15:16.192 [main] INFO  org.revapi.standalone.Main - Downloading extensions
22:15:20.103 [main] INFO  org.revapi.standalone.Main - Starting analysis
22:15:29.286 [main] INFO  org.revapi.standalone.Main - Analysis took 9181ms.
22:15:31.644 [main] INFO  org.revapi.standalone.Main - Downloading checked archives
22:15:31.714 [main] INFO  org.revapi.standalone.Main - Downloading extensions
22:15:35.907 [main] INFO  org.revapi.standalone.Main - Starting analysis
22:15:45.062 [main] INFO  org.revapi.standalone.Main - Analysis took 9153ms.
22:16:08.648 [main] INFO  org.revapi.standalone.Main - Downloading checked archives
22:16:08.710 [main] INFO  org.revapi.standalone.Main - Downloading extensions
22:16:12.873 [main] INFO  org.revapi.standalone.Main - Starting analysis
22:16:22.081 [main] INFO  org.revapi.standalone.Main - Analysis took 9207ms.
22:16:30.797 [main] INFO  org.revapi.standalone.Main - Downloading checked archives
22:16:30.857 [main] INFO  org.revapi.standalone.Main - Downloading extensions
22:16:34.835 [main] INFO  org.revapi.standalone.Main - Starting analysis
22:16:44.354 [main] INFO  org.revapi.standalone.Main - Analysis took 9518ms.
22:16:46.943 [main] INFO  org.revapi.standalone.Main - Downloading checked archives
22:16:46.974 [main] INFO  org.revapi.standalone.Main - Downloading extensions
22:16:51.373 [main] INFO  org.revapi.standalone.Main - Starting analysis
22:17:00.338 [main] INFO  org.revapi.standalone.Main - Analysis took 8964ms.
22:17:03.613 [main] INFO  org.revapi.standalone.Main - Downloading checked archives
22:17:03.690 [main] INFO  org.revapi.standalone.Main - Downloading extensions
22:17:07.743 [main] INFO  org.revapi.standalone.Main - Starting analysis
22:17:15.955 [main] INFO  org.revapi.standalone.Main - Analysis took 8212ms.
22:17:21.283 [main] INFO  org.revapi.standalone.Main - Downloading checked archives
22:17:21.304 [main] INFO  org.revapi.standalone.Main - Downloading extensions
22:17:25.366 [main] INFO  org.revapi.standalone.Main - Starting analysis
22:17:40.260 [main] INFO  org.revapi.standalone.Main - Analysis took 14893ms.
22:17:43.462 [main] INFO  org.revapi.standalone.Main - Downloading checked archives
22:17:43.523 [main] INFO  org.revapi.standalone.Main - Downloading extensions
22:17:47.574 [main] INFO  org.revapi.standalone.Main - Starting analysis
22:17:55.519 [main] INFO  org.revapi.standalone.Main - Analysis took 7943ms.
22:17:58.341 [main] INFO  org.revapi.standalone.Main - Downloading checked archives
22:17:58.414 [main] INFO  org.revapi.standalone.Main - Downloading extensions
22:18:02.300 [main] INFO  org.revapi.standalone.Main - Starting analysis
22:18:08.721 [main] INFO  org.revapi.standalone.Main - Analysis took 6418ms.
22:18:11.873 [main] INFO  org.revapi.standalone.Main - Downloading checked archives
22:18:11.938 [main] INFO  org.revapi.standalone.Main - Downloading extensions
22:18:15.645 [main] INFO  org.revapi.standalone.Main - Starting analysis
22:18:22.197 [main] INFO  org.revapi.standalone.Main - Analysis took 6551ms.
22:18:25.446 [main] INFO  org.revapi.standalone.Main - Downloading checked archives
22:18:25.515 [main] INFO  org.revapi.standalone.Main - Downloading extensions
22:18:29.792 [main] INFO  org.revapi.standalone.Main - Starting analysis
22:18:36.482 [main] INFO  org.revapi.standalone.Main - Analysis took 6689ms.
22:18:39.315 [main] INFO  org.revapi.standalone.Main - Downloading checked archives
22:18:39.340 [main] INFO  org.revapi.standalone.Main - Downloading extensions
22:18:43.417 [main] INFO  org.revapi.standalone.Main - Starting analysis
22:18:48.938 [main] INFO  org.revapi.standalone.Main - Analysis took 5519ms.
22:18:50.833 [main] INFO  org.revapi.standalone.Main - Downloading checked archives
22:18:50.876 [main] INFO  org.revapi.standalone.Main - Downloading extensions
22:18:54.973 [main] INFO  org.revapi.standalone.Main - Starting analysis
22:19:00.639 [main] INFO  org.revapi.standalone.Main - Analysis took 5663ms.
22:19:04.457 [main] INFO  org.revapi.standalone.Main - Downloading checked archives
22:19:04.487 [main] INFO  org.revapi.standalone.Main - Downloading extensions
22:19:08.459 [main] INFO  org.revapi.standalone.Main - Starting analysis
22:19:17.450 [main] INFO  org.revapi.standalone.Main - Analysis took 8990ms.
22:19:21.665 [main] INFO  org.revapi.standalone.Main - Downloading checked archives
22:19:21.698 [main] INFO  org.revapi.standalone.Main - Downloading extensions
22:19:25.776 [main] INFO  org.revapi.standalone.Main - Starting analysis
22:19:45.353 [main] INFO  org.revapi.standalone.Main - Analysis took 19572ms.
22:19:48.294 [main] INFO  org.revapi.standalone.Main - Downloading checked archives
22:19:48.357 [main] INFO  org.revapi.standalone.Main - Downloading extensions
22:19:52.358 [main] INFO  org.revapi.standalone.Main - Starting analysis
22:20:12.922 [main] INFO  org.revapi.standalone.Main - Analysis took 20561ms.
22:20:15.717 [main] INFO  org.revapi.standalone.Main - Downloading checked archives
22:20:15.773 [main] INFO  org.revapi.standalone.Main - Downloading extensions
22:20:19.779 [main] INFO  org.revapi.standalone.Main - Starting analysis
22:20:40.948 [main] INFO  org.revapi.standalone.Main - Analysis took 21168ms.
22:20:44.851 [main] INFO  org.revapi.standalone.Main - Downloading checked archives
22:20:44.876 [main] INFO  org.revapi.standalone.Main - Downloading extensions
22:20:48.813 [main] INFO  org.revapi.standalone.Main - Starting analysis
22:21:10.870 [main] INFO  org.revapi.standalone.Main - Analysis took 22056ms.
22:21:17.293 [main] INFO  org.revapi.standalone.Main - Downloading checked archives
22:21:17.337 [main] INFO  org.revapi.standalone.Main - Downloading extensions
22:21:21.459 [main] INFO  org.revapi.standalone.Main - Starting analysis
22:21:41.039 [main] INFO  org.revapi.standalone.Main - Analysis took 19579ms.
22:21:47.549 [main] INFO  org.revapi.standalone.Main - Downloading checked archives
22:21:47.585 [main] INFO  org.revapi.standalone.Main - Downloading extensions
22:21:51.881 [main] INFO  org.revapi.standalone.Main - Starting analysis
22:22:13.541 [main] INFO  org.revapi.standalone.Main - Analysis took 21657ms.
22:22:16.632 [main] INFO  org.revapi.standalone.Main - Downloading checked archives
22:22:16.689 [main] INFO  org.revapi.standalone.Main - Downloading extensions
22:22:20.895 [main] INFO  org.revapi.standalone.Main - Starting analysis
22:22:41.661 [main] INFO  org.revapi.standalone.Main - Analysis took 20765ms.
22:23:37.942 [main] INFO  org.revapi.standalone.Main - Downloading checked archives
22:23:38.005 [main] INFO  org.revapi.standalone.Main - Downloading extensions
22:23:41.924 [main] INFO  org.revapi.standalone.Main - Starting analysis
22:24:03.767 [main] INFO  org.revapi.standalone.Main - Analysis took 21841ms.
22:24:07.528 [main] INFO  org.revapi.standalone.Main - Downloading checked archives
22:24:07.582 [main] INFO  org.revapi.standalone.Main - Downloading extensions
22:24:11.489 [main] INFO  org.revapi.standalone.Main - Starting analysis
22:24:22.589 [main] INFO  org.revapi.standalone.Main - Analysis took 11098ms.
22:24:24.728 [main] INFO  org.revapi.standalone.Main - Downloading checked archives
22:24:24.767 [main] INFO  org.revapi.standalone.Main - Downloading extensions
22:24:28.752 [main] INFO  org.revapi.standalone.Main - Starting analysis
22:24:40.465 [main] INFO  org.revapi.standalone.Main - Analysis took 11711ms.
22:24:42.992 [main] INFO  org.revapi.standalone.Main - Downloading checked archives
22:24:43.058 [main] INFO  org.revapi.standalone.Main - Downloading extensions
22:24:46.942 [main] INFO  org.revapi.standalone.Main - Starting analysis
22:24:59.348 [main] INFO  org.revapi.standalone.Main - Analysis took 12405ms.
22:25:01.789 [main] INFO  org.revapi.standalone.Main - Downloading checked archives
22:25:01.818 [main] INFO  org.revapi.standalone.Main - Downloading extensions
22:25:05.706 [main] INFO  org.revapi.standalone.Main - Starting analysis
22:25:18.250 [main] INFO  org.revapi.standalone.Main - Analysis took 12543ms.
22:25:20.646 [main] INFO  org.revapi.standalone.Main - Downloading checked archives
22:25:20.714 [main] INFO  org.revapi.standalone.Main - Downloading extensions
22:25:24.327 [main] INFO  org.revapi.standalone.Main - Starting analysis
22:25:36.206 [main] INFO  org.revapi.standalone.Main - Analysis took 11878ms.
22:25:38.379 [main] INFO  org.revapi.standalone.Main - Downloading checked archives
22:25:38.402 [main] INFO  org.revapi.standalone.Main - Downloading extensions
22:25:42.688 [main] INFO  org.revapi.standalone.Main - Starting analysis
22:25:54.593 [main] INFO  org.revapi.standalone.Main - Analysis took 11904ms.
22:25:57.314 [main] INFO  org.revapi.standalone.Main - Downloading checked archives
22:25:57.351 [main] INFO  org.revapi.standalone.Main - Downloading extensions
22:26:01.168 [main] INFO  org.revapi.standalone.Main - Starting analysis
22:26:12.445 [main] INFO  org.revapi.standalone.Main - Analysis took 11276ms.
22:26:14.764 [main] INFO  org.revapi.standalone.Main - Downloading checked archives
22:26:14.813 [main] INFO  org.revapi.standalone.Main - Downloading extensions
22:26:19.011 [main] INFO  org.revapi.standalone.Main - Starting analysis
22:26:31.242 [main] INFO  org.revapi.standalone.Main - Analysis took 12227ms.
22:26:35.216 [main] INFO  org.revapi.standalone.Main - Downloading checked archives
22:26:35.244 [main] INFO  org.revapi.standalone.Main - Downloading extensions
22:26:39.208 [main] INFO  org.revapi.standalone.Main - Starting analysis
22:26:51.194 [main] INFO  org.revapi.standalone.Main - Analysis took 11985ms.
22:26:53.771 [main] INFO  org.revapi.standalone.Main - Downloading checked archives
22:26:53.824 [main] INFO  org.revapi.standalone.Main - Downloading extensions
22:26:57.911 [main] INFO  org.revapi.standalone.Main - Starting analysis
22:27:10.257 [main] INFO  org.revapi.standalone.Main - Analysis took 12345ms.
22:27:13.385 [main] INFO  org.revapi.standalone.Main - Downloading checked archives
22:27:13.437 [main] INFO  org.revapi.standalone.Main - Downloading extensions
22:27:17.574 [main] INFO  org.revapi.standalone.Main - Starting analysis
22:27:30.441 [main] INFO  org.revapi.standalone.Main - Analysis took 12866ms.
22:27:32.835 [main] INFO  org.revapi.standalone.Main - Downloading checked archives
22:27:32.865 [main] INFO  org.revapi.standalone.Main - Downloading extensions
22:27:36.563 [main] INFO  org.revapi.standalone.Main - Starting analysis
22:27:48.866 [main] INFO  org.revapi.standalone.Main - Analysis took 12302ms.
22:27:51.222 [main] INFO  org.revapi.standalone.Main - Downloading checked archives
22:27:51.292 [main] INFO  org.revapi.standalone.Main - Downloading extensions
22:27:55.217 [main] INFO  org.revapi.standalone.Main - Starting analysis
22:28:06.889 [main] INFO  org.revapi.standalone.Main - Analysis took 11671ms.
22:28:09.334 [main] INFO  org.revapi.standalone.Main - Downloading checked archives
22:28:09.358 [main] INFO  org.revapi.standalone.Main - Downloading extensions
22:28:13.272 [main] INFO  org.revapi.standalone.Main - Starting analysis
22:28:26.033 [main] INFO  org.revapi.standalone.Main - Analysis took 12758ms.
22:28:28.567 [main] INFO  org.revapi.standalone.Main - Downloading checked archives
22:28:28.593 [main] INFO  org.revapi.standalone.Main - Downloading extensions
22:28:32.905 [main] INFO  org.revapi.standalone.Main - Starting analysis
22:28:44.456 [main] INFO  org.revapi.standalone.Main - Analysis took 11550ms.
22:28:46.780 [main] INFO  org.revapi.standalone.Main - Downloading checked archives
22:28:46.875 [main] INFO  org.revapi.standalone.Main - Downloading extensions
22:28:50.917 [main] INFO  org.revapi.standalone.Main - Starting analysis
22:29:02.716 [main] INFO  org.revapi.standalone.Main - Analysis took 11799ms.
22:29:06.023 [main] INFO  org.revapi.standalone.Main - Downloading checked archives
22:29:06.088 [main] INFO  org.revapi.standalone.Main - Downloading extensions
22:29:09.996 [main] INFO  org.revapi.standalone.Main - Starting analysis
22:29:17.769 [main] INFO  org.revapi.standalone.Main - Analysis took 7771ms.
22:29:19.977 [main] INFO  org.revapi.standalone.Main - Downloading checked archives
22:29:20.009 [main] INFO  org.revapi.standalone.Main - Downloading extensions
22:29:23.779 [main] INFO  org.revapi.standalone.Main - Starting analysis
22:29:30.355 [main] INFO  org.revapi.standalone.Main - Analysis took 6575ms.
22:29:32.558 [main] INFO  org.revapi.standalone.Main - Downloading checked archives
22:29:32.596 [main] INFO  org.revapi.standalone.Main - Downloading extensions
22:29:36.516 [main] INFO  org.revapi.standalone.Main - Starting analysis
22:29:43.539 [main] INFO  org.revapi.standalone.Main - Analysis took 7019ms.
22:29:45.724 [main] INFO  org.revapi.standalone.Main - Downloading checked archives
22:29:45.769 [main] INFO  org.revapi.standalone.Main - Downloading extensions
22:29:49.926 [main] INFO  org.revapi.standalone.Main - Starting analysis
22:29:56.912 [main] INFO  org.revapi.standalone.Main - Analysis took 6984ms.
22:29:58.881 [main] INFO  org.revapi.standalone.Main - Downloading checked archives
22:29:58.930 [main] INFO  org.revapi.standalone.Main - Downloading extensions
22:30:03.007 [main] INFO  org.revapi.standalone.Main - Starting analysis
22:30:09.992 [main] INFO  org.revapi.standalone.Main - Analysis took 6984ms.
22:30:12.005 [main] INFO  org.revapi.standalone.Main - Downloading checked archives
22:30:12.072 [main] INFO  org.revapi.standalone.Main - Downloading extensions
22:30:16.184 [main] INFO  org.revapi.standalone.Main - Starting analysis
22:30:22.986 [main] INFO  org.revapi.standalone.Main - Analysis took 6802ms.
22:30:25.108 [main] INFO  org.revapi.standalone.Main - Downloading checked archives
22:30:25.206 [main] INFO  org.revapi.standalone.Main - Downloading extensions
22:30:29.208 [main] INFO  org.revapi.standalone.Main - Starting analysis
22:30:36.068 [main] INFO  org.revapi.standalone.Main - Analysis took 6859ms.
22:30:38.309 [main] INFO  org.revapi.standalone.Main - Downloading checked archives
22:30:38.332 [main] INFO  org.revapi.standalone.Main - Downloading extensions
22:30:42.312 [main] INFO  org.revapi.standalone.Main - Starting analysis
22:30:49.264 [main] INFO  org.revapi.standalone.Main - Analysis took 6948ms.
22:30:57.081 [main] INFO  org.revapi.standalone.Main - Downloading checked archives
22:30:57.149 [main] INFO  org.revapi.standalone.Main - Downloading extensions
22:31:01.107 [main] INFO  org.revapi.standalone.Main - Starting analysis
22:31:22.964 [main] INFO  org.revapi.standalone.Main - Analysis took 21857ms.
22:31:26.360 [main] INFO  org.revapi.standalone.Main - Downloading checked archives
22:31:26.384 [main] INFO  org.revapi.standalone.Main - Downloading extensions
22:31:30.434 [main] INFO  org.revapi.standalone.Main - Starting analysis
22:31:50.533 [main] INFO  org.revapi.standalone.Main - Analysis took 20097ms.
22:31:54.757 [main] INFO  org.revapi.standalone.Main - Downloading checked archives
22:31:54.822 [main] INFO  org.revapi.standalone.Main - Downloading extensions
22:31:58.766 [main] INFO  org.revapi.standalone.Main - Starting analysis
22:32:19.558 [main] INFO  org.revapi.standalone.Main - Analysis took 20788ms.
22:32:23.815 [main] INFO  org.revapi.standalone.Main - Downloading checked archives
22:32:23.861 [main] INFO  org.revapi.standalone.Main - Downloading extensions
22:32:27.886 [main] INFO  org.revapi.standalone.Main - Starting analysis
22:32:49.417 [main] INFO  org.revapi.standalone.Main - Analysis took 21528ms.
22:32:54.040 [main] INFO  org.revapi.standalone.Main - Downloading checked archives
22:32:54.084 [main] INFO  org.revapi.standalone.Main - Downloading extensions
22:32:57.863 [main] INFO  org.revapi.standalone.Main - Starting analysis
22:33:18.069 [main] INFO  org.revapi.standalone.Main - Analysis took 20205ms.
22:33:22.720 [main] INFO  org.revapi.standalone.Main - Downloading checked archives
22:33:22.762 [main] INFO  org.revapi.standalone.Main - Downloading extensions
22:33:26.588 [main] INFO  org.revapi.standalone.Main - Starting analysis
22:33:47.535 [main] INFO  org.revapi.standalone.Main - Analysis took 20936ms.
22:34:55.865 [main] INFO  org.revapi.standalone.Main - Downloading checked archives
22:34:55.940 [main] INFO  org.revapi.standalone.Main - Downloading extensions
22:35:00.000 [main] INFO  org.revapi.standalone.Main - Starting analysis
22:35:21.170 [main] INFO  org.revapi.standalone.Main - Analysis took 21170ms.
22:35:24.161 [main] INFO  org.revapi.standalone.Main - Downloading checked archives
22:35:24.189 [main] INFO  org.revapi.standalone.Main - Downloading extensions
22:35:28.139 [main] INFO  org.revapi.standalone.Main - Starting analysis
22:35:49.073 [main] INFO  org.revapi.standalone.Main - Analysis took 20933ms.
22:35:52.351 [main] INFO  org.revapi.standalone.Main - Downloading checked archives
22:35:52.418 [main] INFO  org.revapi.standalone.Main - Downloading extensions
22:35:56.596 [main] INFO  org.revapi.standalone.Main - Starting analysis
22:36:02.921 [main] INFO  org.revapi.standalone.Main - Analysis took 6324ms.
22:36:04.808 [main] INFO  org.revapi.standalone.Main - Downloading checked archives
22:36:04.874 [main] INFO  org.revapi.standalone.Main - Downloading extensions
22:36:08.715 [main] INFO  org.revapi.standalone.Main - Starting analysis
22:36:14.422 [main] INFO  org.revapi.standalone.Main - Analysis took 5706ms.
22:36:16.319 [main] INFO  org.revapi.standalone.Main - Downloading checked archives
22:36:16.366 [main] INFO  org.revapi.standalone.Main - Downloading extensions
22:36:20.401 [main] INFO  org.revapi.standalone.Main - Starting analysis
22:36:26.675 [main] INFO  org.revapi.standalone.Main - Analysis took 6273ms.
22:36:28.545 [main] INFO  org.revapi.standalone.Main - Downloading checked archives
22:36:28.593 [main] INFO  org.revapi.standalone.Main - Downloading extensions
22:36:32.521 [main] INFO  org.revapi.standalone.Main - Starting analysis
22:36:38.558 [main] INFO  org.revapi.standalone.Main - Analysis took 6036ms.
22:36:40.394 [main] INFO  org.revapi.standalone.Main - Downloading checked archives
22:36:40.439 [main] INFO  org.revapi.standalone.Main - Downloading extensions
22:36:44.742 [main] INFO  org.revapi.standalone.Main - Starting analysis
22:36:50.691 [main] INFO  org.revapi.standalone.Main - Analysis took 5948ms.
22:36:52.516 [main] INFO  org.revapi.standalone.Main - Downloading checked archives
22:36:52.567 [main] INFO  org.revapi.standalone.Main - Downloading extensions
22:36:56.279 [main] INFO  org.revapi.standalone.Main - Starting analysis
22:37:02.746 [main] INFO  org.revapi.standalone.Main - Analysis took 6464ms.
22:37:04.565 [main] INFO  org.revapi.standalone.Main - Downloading checked archives
22:37:04.609 [main] INFO  org.revapi.standalone.Main - Downloading extensions
22:37:08.756 [main] INFO  org.revapi.standalone.Main - Starting analysis
22:37:14.842 [main] INFO  org.revapi.standalone.Main - Analysis took 6085ms.
22:37:16.778 [main] INFO  org.revapi.standalone.Main - Downloading checked archives
22:37:16.816 [main] INFO  org.revapi.standalone.Main - Downloading extensions
22:37:20.522 [main] INFO  org.revapi.standalone.Main - Starting analysis
22:37:26.809 [main] INFO  org.revapi.standalone.Main - Analysis took 6286ms.
22:38:02.620 [main] INFO  org.revapi.standalone.Main - Downloading checked archives
22:38:02.675 [main] INFO  org.revapi.standalone.Main - Downloading extensions
22:38:06.468 [main] INFO  org.revapi.standalone.Main - Starting analysis
22:38:53.244 [main] INFO  org.revapi.standalone.Main - Analysis took 46773ms.
22:38:57.991 [main] INFO  org.revapi.standalone.Main - Downloading checked archives
22:38:58.025 [main] INFO  org.revapi.standalone.Main - Downloading extensions
22:39:02.215 [main] INFO  org.revapi.standalone.Main - Starting analysis
22:39:09.569 [main] INFO  org.revapi.standalone.Main - Analysis took 7351ms.
22:39:16.970 [main] INFO  org.revapi.standalone.Main - Downloading checked archives
22:39:16.992 [main] INFO  org.revapi.standalone.Main - Downloading extensions
22:39:20.809 [main] INFO  org.revapi.standalone.Main - Starting analysis
22:39:30.963 [main] INFO  org.revapi.standalone.Main - Analysis took 10153ms.
22:39:35.160 [main] INFO  org.revapi.standalone.Main - Downloading checked archives
22:39:35.187 [main] INFO  org.revapi.standalone.Main - Downloading extensions
22:39:39.269 [main] INFO  org.revapi.standalone.Main - Starting analysis
22:39:49.924 [main] INFO  org.revapi.standalone.Main - Analysis took 10653ms.
22:39:52.406 [main] INFO  org.revapi.standalone.Main - Downloading checked archives
22:39:52.455 [main] INFO  org.revapi.standalone.Main - Downloading extensions
22:39:56.188 [main] INFO  org.revapi.standalone.Main - Starting analysis
22:40:06.231 [main] INFO  org.revapi.standalone.Main - Analysis took 10042ms.
22:40:12.778 [main] INFO  org.revapi.standalone.Main - Downloading checked archives
22:40:12.801 [main] INFO  org.revapi.standalone.Main - Downloading extensions
22:40:16.939 [main] INFO  org.revapi.standalone.Main - Starting analysis
22:40:28.832 [main] INFO  org.revapi.standalone.Main - Analysis took 11893ms.
22:40:31.495 [main] INFO  org.revapi.standalone.Main - Downloading checked archives
22:40:31.518 [main] INFO  org.revapi.standalone.Main - Downloading extensions
22:40:35.848 [main] INFO  org.revapi.standalone.Main - Starting analysis
22:40:49.291 [main] INFO  org.revapi.standalone.Main - Analysis took 13440ms.
22:40:51.983 [main] INFO  org.revapi.standalone.Main - Downloading checked archives
22:40:52.024 [main] INFO  org.revapi.standalone.Main - Downloading extensions
22:40:56.106 [main] INFO  org.revapi.standalone.Main - Starting analysis
22:41:09.152 [main] INFO  org.revapi.standalone.Main - Analysis took 13044ms.
20:39:52.033 [main] INFO  org.revapi.standalone.Main - Downloading checked archives
20:39:52.061 [main] INFO  org.revapi.standalone.Main - Downloading extensions
20:39:56.960 [main] INFO  org.revapi.standalone.Main - Starting analysis
20:40:05.247 [main] INFO  org.revapi.standalone.Main - Analysis took 8287ms.
20:40:08.925 [main] INFO  org.revapi.standalone.Main - Downloading checked archives
20:40:08.948 [main] INFO  org.revapi.standalone.Main - Downloading extensions
20:40:13.567 [main] INFO  org.revapi.standalone.Main - Starting analysis
20:40:26.411 [main] INFO  org.revapi.standalone.Main - Analysis took 12843ms.
20:40:29.618 [main] INFO  org.revapi.standalone.Main - Downloading checked archives
20:40:29.662 [main] INFO  org.revapi.standalone.Main - Downloading extensions
20:40:34.305 [main] INFO  org.revapi.standalone.Main - Starting analysis
20:40:45.561 [main] INFO  org.revapi.standalone.Main - Analysis took 11255ms.
20:40:52.375 [main] INFO  org.revapi.standalone.Main - Downloading checked archives
20:40:52.418 [main] INFO  org.revapi.standalone.Main - Downloading extensions
20:40:56.190 [main] INFO  org.revapi.standalone.Main - Starting analysis
20:41:06.142 [main] INFO  org.revapi.standalone.Main - Analysis took 9951ms.
20:41:12.649 [main] INFO  org.revapi.standalone.Main - Downloading checked archives
20:41:12.679 [main] INFO  org.revapi.standalone.Main - Downloading extensions
20:41:16.600 [main] INFO  org.revapi.standalone.Main - Starting analysis
20:41:29.219 [main] INFO  org.revapi.standalone.Main - Analysis took 12618ms.
20:41:32.077 [main] INFO  org.revapi.standalone.Main - Downloading checked archives
20:41:32.101 [main] INFO  org.revapi.standalone.Main - Downloading extensions
20:41:36.350 [main] INFO  org.revapi.standalone.Main - Starting analysis
20:41:48.980 [main] INFO  org.revapi.standalone.Main - Analysis took 12629ms.
20:44:12.346 [main] INFO  org.revapi.standalone.Main - Downloading checked archives
20:44:12.369 [main] INFO  org.revapi.standalone.Main - Downloading extensions
20:44:16.611 [main] INFO  org.revapi.standalone.Main - Starting analysis
20:44:24.115 [main] INFO  org.revapi.standalone.Main - Analysis took 7502ms.
20:44:28.077 [main] INFO  org.revapi.standalone.Main - Downloading checked archives
20:44:28.133 [main] INFO  org.revapi.standalone.Main - Downloading extensions
20:44:32.495 [main] INFO  org.revapi.standalone.Main - Starting analysis
20:44:43.612 [main] INFO  org.revapi.standalone.Main - Analysis took 11116ms.
20:44:46.701 [main] INFO  org.revapi.standalone.Main - Downloading checked archives
20:44:46.738 [main] INFO  org.revapi.standalone.Main - Downloading extensions
20:44:51.077 [main] INFO  org.revapi.standalone.Main - Starting analysis
20:45:01.956 [main] INFO  org.revapi.standalone.Main - Analysis took 10877ms.
20:45:05.022 [main] INFO  org.revapi.standalone.Main - Downloading checked archives
20:45:05.072 [main] INFO  org.revapi.standalone.Main - Downloading extensions
20:45:09.204 [main] INFO  org.revapi.standalone.Main - Starting analysis
20:45:19.869 [main] INFO  org.revapi.standalone.Main - Analysis took 10664ms.
20:45:24.510 [main] INFO  org.revapi.standalone.Main - Downloading checked archives
20:45:24.571 [main] INFO  org.revapi.standalone.Main - Downloading extensions
20:45:28.790 [main] INFO  org.revapi.standalone.Main - Starting analysis
20:45:42.848 [main] INFO  org.revapi.standalone.Main - Analysis took 14057ms.
20:45:45.716 [main] INFO  org.revapi.standalone.Main - Downloading checked archives
20:45:45.787 [main] INFO  org.revapi.standalone.Main - Downloading extensions
20:45:49.963 [main] INFO  org.revapi.standalone.Main - Starting analysis
20:46:03.016 [main] INFO  org.revapi.standalone.Main - Analysis took 13052ms.
20:47:26.475 [main] INFO  org.revapi.standalone.Main - Downloading checked archives
20:47:26.495 [main] INFO  org.revapi.standalone.Main - Downloading extensions
20:47:30.863 [main] INFO  org.revapi.standalone.Main - Starting analysis
20:47:38.615 [main] INFO  org.revapi.standalone.Main - Analysis took 7752ms.
20:47:45.605 [main] INFO  org.revapi.standalone.Main - Downloading checked archives
20:47:45.642 [main] INFO  org.revapi.standalone.Main - Downloading extensions
20:47:49.919 [main] INFO  org.revapi.standalone.Main - Starting analysis
20:48:00.876 [main] INFO  org.revapi.standalone.Main - Analysis took 10956ms.
20:48:03.670 [main] INFO  org.revapi.standalone.Main - Downloading checked archives
20:48:03.704 [main] INFO  org.revapi.standalone.Main - Downloading extensions
20:48:08.183 [main] INFO  org.revapi.standalone.Main - Starting analysis
20:48:19.113 [main] INFO  org.revapi.standalone.Main - Analysis took 10930ms.
20:48:22.052 [main] INFO  org.revapi.standalone.Main - Downloading checked archives
20:48:22.075 [main] INFO  org.revapi.standalone.Main - Downloading extensions
20:48:26.081 [main] INFO  org.revapi.standalone.Main - Starting analysis
20:48:37.586 [main] INFO  org.revapi.standalone.Main - Analysis took 11491ms.
20:48:41.954 [main] INFO  org.revapi.standalone.Main - Downloading checked archives
20:48:41.983 [main] INFO  org.revapi.standalone.Main - Downloading extensions
20:48:46.529 [main] INFO  org.revapi.standalone.Main - Starting analysis
20:48:59.289 [main] INFO  org.revapi.standalone.Main - Analysis took 12757ms.
20:49:02.723 [main] INFO  org.revapi.standalone.Main - Downloading checked archives
20:49:02.763 [main] INFO  org.revapi.standalone.Main - Downloading extensions
20:49:07.017 [main] INFO  org.revapi.standalone.Main - Starting analysis
20:49:20.423 [main] INFO  org.revapi.standalone.Main - Analysis took 13402ms.
21:56:39.300 [main] INFO  org.revapi.standalone.Main - Downloading checked archives
21:56:39.350 [main] INFO  org.revapi.standalone.Main - Downloading extensions
21:56:43.544 [main] INFO  org.revapi.standalone.Main - Starting analysis
21:56:51.189 [main] INFO  org.revapi.standalone.Main - Analysis took 7645ms.
21:56:55.349 [main] INFO  org.revapi.standalone.Main - Downloading checked archives
21:56:55.369 [main] INFO  org.revapi.standalone.Main - Downloading extensions
21:56:59.435 [main] INFO  org.revapi.standalone.Main - Starting analysis
21:57:09.707 [main] INFO  org.revapi.standalone.Main - Analysis took 10271ms.
21:57:13.325 [main] INFO  org.revapi.standalone.Main - Downloading checked archives
21:57:13.397 [main] INFO  org.revapi.standalone.Main - Downloading extensions
21:57:17.281 [main] INFO  org.revapi.standalone.Main - Starting analysis
21:57:28.714 [main] INFO  org.revapi.standalone.Main - Analysis took 11432ms.
21:57:31.256 [main] INFO  org.revapi.standalone.Main - Downloading checked archives
21:57:31.334 [main] INFO  org.revapi.standalone.Main - Downloading extensions
21:57:35.790 [main] INFO  org.revapi.standalone.Main - Starting analysis
21:57:46.521 [main] INFO  org.revapi.standalone.Main - Analysis took 10728ms.
21:57:50.839 [main] INFO  org.revapi.standalone.Main - Downloading checked archives
21:57:50.885 [main] INFO  org.revapi.standalone.Main - Downloading extensions
21:57:55.116 [main] INFO  org.revapi.standalone.Main - Starting analysis
21:58:08.645 [main] INFO  org.revapi.standalone.Main - Analysis took 13515ms.
21:58:12.529 [main] INFO  org.revapi.standalone.Main - Downloading checked archives
21:58:12.604 [main] INFO  org.revapi.standalone.Main - Downloading extensions
21:58:16.412 [main] INFO  org.revapi.standalone.Main - Starting analysis
21:58:29.436 [main] INFO  org.revapi.standalone.Main - Analysis took 13020ms.
22:01:17.950 [main] INFO  org.revapi.standalone.Main - Downloading checked archives
22:01:17.981 [main] INFO  org.revapi.standalone.Main - Downloading extensions
22:01:22.748 [main] INFO  org.revapi.standalone.Main - Starting analysis
22:01:30.885 [main] INFO  org.revapi.standalone.Main - Analysis took 8136ms.
22:01:35.448 [main] INFO  org.revapi.standalone.Main - Downloading checked archives
22:01:35.493 [main] INFO  org.revapi.standalone.Main - Downloading extensions
22:01:39.517 [main] INFO  org.revapi.standalone.Main - Starting analysis
22:01:49.766 [main] INFO  org.revapi.standalone.Main - Analysis took 10247ms.
22:01:52.337 [main] INFO  org.revapi.standalone.Main - Downloading checked archives
22:01:52.376 [main] INFO  org.revapi.standalone.Main - Downloading extensions
22:01:56.707 [main] INFO  org.revapi.standalone.Main - Starting analysis
22:02:07.388 [main] INFO  org.revapi.standalone.Main - Analysis took 10662ms.
22:02:09.969 [main] INFO  org.revapi.standalone.Main - Downloading checked archives
22:02:10.014 [main] INFO  org.revapi.standalone.Main - Downloading extensions
22:02:14.223 [main] INFO  org.revapi.standalone.Main - Starting analysis
22:02:25.039 [main] INFO  org.revapi.standalone.Main - Analysis took 10810ms.
22:02:36.174 [main] INFO  org.revapi.standalone.Main - Downloading checked archives
22:02:36.263 [main] INFO  org.revapi.standalone.Main - Downloading extensions
22:02:40.665 [main] INFO  org.revapi.standalone.Main - Starting analysis
22:02:54.449 [main] INFO  org.revapi.standalone.Main - Analysis took 13780ms.
22:02:58.931 [main] INFO  org.revapi.standalone.Main - Downloading checked archives
22:02:58.986 [main] INFO  org.revapi.standalone.Main - Downloading extensions
22:03:03.349 [main] INFO  org.revapi.standalone.Main - Starting analysis
22:03:16.914 [main] INFO  org.revapi.standalone.Main - Analysis took 13552ms.
22:07:25.389 [main] INFO  org.revapi.standalone.Main - Downloading checked archives
22:07:25.480 [main] INFO  org.revapi.standalone.Main - Downloading extensions
22:07:30.629 [main] INFO  org.revapi.standalone.Main - Starting analysis
22:07:54.640 [main] INFO  org.revapi.standalone.Main - Analysis took 24010ms.
22:07:57.937 [main] INFO  org.revapi.standalone.Main - Downloading checked archives
22:07:57.962 [main] INFO  org.revapi.standalone.Main - Downloading extensions
22:08:01.881 [main] INFO  org.revapi.standalone.Main - Starting analysis
22:08:07.046 [main] INFO  org.revapi.standalone.Main - Analysis took 5163ms.
22:08:08.914 [main] INFO  org.revapi.standalone.Main - Downloading checked archives
22:08:08.935 [main] INFO  org.revapi.standalone.Main - Downloading extensions
22:08:12.514 [main] INFO  org.revapi.standalone.Main - Starting analysis
22:08:19.064 [main] INFO  org.revapi.standalone.Main - Analysis took 6549ms.
22:08:21.015 [main] INFO  org.revapi.standalone.Main - Downloading checked archives
22:08:21.036 [main] INFO  org.revapi.standalone.Main - Downloading extensions
22:08:25.094 [main] INFO  org.revapi.standalone.Main - Starting analysis
22:08:31.213 [main] INFO  org.revapi.standalone.Main - Analysis took 6116ms.
22:08:35.939 [main] INFO  org.revapi.standalone.Main - Downloading checked archives
22:08:35.972 [main] INFO  org.revapi.standalone.Main - Downloading extensions
22:08:39.363 [main] INFO  org.revapi.standalone.Main - Starting analysis
22:08:44.793 [main] INFO  org.revapi.standalone.Main - Analysis took 5428ms.
22:08:48.058 [main] INFO  org.revapi.standalone.Main - Downloading checked archives
22:08:48.079 [main] INFO  org.revapi.standalone.Main - Downloading extensions
22:08:51.239 [main] INFO  org.revapi.standalone.Main - Starting analysis
22:08:59.342 [main] INFO  org.revapi.standalone.Main - Analysis took 8102ms.
22:09:02.214 [main] INFO  org.revapi.standalone.Main - Downloading checked archives
22:09:02.261 [main] INFO  org.revapi.standalone.Main - Downloading extensions
22:09:06.596 [main] INFO  org.revapi.standalone.Main - Starting analysis
22:09:16.141 [main] INFO  org.revapi.standalone.Main - Analysis took 9542ms.
22:09:18.744 [main] INFO  org.revapi.standalone.Main - Downloading checked archives
22:09:18.767 [main] INFO  org.revapi.standalone.Main - Downloading extensions
22:09:22.087 [main] INFO  org.revapi.standalone.Main - Starting analysis
22:09:31.714 [main] INFO  org.revapi.standalone.Main - Analysis took 9626ms.
22:09:36.735 [main] INFO  org.revapi.standalone.Main - Downloading checked archives
22:09:36.781 [main] INFO  org.revapi.standalone.Main - Downloading extensions
22:09:40.972 [main] INFO  org.revapi.standalone.Main - Starting analysis
22:09:53.306 [main] INFO  org.revapi.standalone.Main - Analysis took 12333ms.
22:09:56.140 [main] INFO  org.revapi.standalone.Main - Downloading checked archives
22:09:56.166 [main] INFO  org.revapi.standalone.Main - Downloading extensions
22:10:00.385 [main] INFO  org.revapi.standalone.Main - Starting analysis
22:10:12.883 [main] INFO  org.revapi.standalone.Main - Analysis took 12495ms.
